exports[`test renders correctly 1`] = `
<footer
  className="footer">
  <a
    href="https://github.com/GaliMas"
    rel="noreferrer noopener"
    target="_blank">
    <svg>
      <use
        xlinkHref="./sprite.svg#github-usage" />
    </svg>
  </a>
  <a
    href="www.linkedin.com/in/jorge-galimas"
    rel="noreferrer noopener"
    target="_blank">
    <svg>
      <use
        xlinkHref="./sprite.svg#linkedin" />
    </svg>
  </a>
  <a
    href="https://twitter.com/sagins05"
    rel="noreferrer noopener"
    target="_blank">
    <svg>
      <use
        xlinkHref="./sprite.svg#twitter" />
    </svg>
  </a>
</footer>
`;
